// Vitest Snapshot v1, https://vitest.dev/guide/snapshot.html

exports[`show component 1`] = `
<div>
  <div
    class="alert alert-dismissible fade show mb-0 alert-warning"
    role="alert"
  >
    <div>
      Test
    </div>
    <button
      aria-label="Close"
      class="btn-close"
      data-bs-dismiss="alert"
      type="button"
    />
  </div>
</div>
`;
